PI_BEFORE_SEND

 ▀▀█  v0.99.1
 █▀ █ escape interrupt · ctrl+c/ctrl+d clear/exit · / commands · ! bash · ctrl+o more
 Press ctrl+o to show full startup help and loaded resources.

 Pi can explain its own features and look up its docs. Ask it how to use or extend Pi.


 Warning: fd not found. Offline mode enabled, skipping download.

 Warning: No models available. Use /login to log into a provider via OAuth or API key. See:
   /opt/homebrew/lib/node_modules/@earendil-works/pi-coding-agent/docs/providers.md
   /opt/homebrew/lib/node_modules/@earendil-works/pi-coding-agent/docs/models.md

 Warning: tmux extended-keys is off. Modified Enter keys may not work. Add `set -g extended-keys on` to ~/.tmux.conf and restart tmux.

────────────────────────────────────────────────────────────────────────────────────────────────────────────────────────────────────────────────────────────────

────────────────────────────────────────────────────────────────────────────────────────────────────────────────────────────────────────────────────────────────
/Users/jerichowenzelserrano/.no-mistakes/worktrees/d335fa506761/01M48W96DH5H76SFC0BJ12PQDD (detached)
0.0%/0 (auto)                                                                                                                                            unknown
END_PI_BEFORE_SEND
SEND_EXIT=0
FM_SEND_OUTPUT
./bin/fm-send.sh 'live-pi-doorbell' Doorbell; echo $? > "$LAB/send-result"
bash-5.3$ ./bin/fm-send.sh 'live-pi-doorbell' Doorbell; echo $? > "$LAB/send-result"
fm-gate-refuse: gate agent lifecycle permitted only against lab home /var/folders/0c/h8vrkyxd6mx9tqfxcxnr_k040000gn/T/fm-lab.m7NYKX
●━━━━━━━━━━━━━━━━━━━━━━━━━━━━━━━━━━━━━━━━━━━━━━━━━━━━━━━━━━━━━━━━━━━━━━━
●  WATCHER DOWN - SUPERVISION IS OFF
●  1 task(s) in flight, but no watcher has a fresh beacon (last beat: never, grace 300s).
●  Trust the emitted supervision protocol for this harness; do not use shell & for watcher repair.
●  This is a supervision warning only; the requested message WILL still be sent.
●  repair missing watcher supervision according to the session-start block for this harness; do not use shell &.
●━━━━━━━━━━━━━━━━━━━━━━━━━━━━━━━━━━━━━━━━━━━━━━━━━━━━━━━━━━━━━━━━━━━━━━━
bash-5.3$
END_FM_SEND_OUTPUT
PI_AFTER_SEND

 ▀▀█  v0.99.1
 █▀ █ escape interrupt · ctrl+c/ctrl+d clear/exit · / commands · ! bash · ctrl+o more
 Press ctrl+o to show full startup help and loaded resources.

 Pi can explain its own features and look up its docs. Ask it how to use or extend Pi.


 Warning: fd not found. Offline mode enabled, skipping download.

 Warning: No models available. Use /login to log into a provider via OAuth or API key. See:
   /opt/homebrew/lib/node_modules/@earendil-works/pi-coding-agent/docs/providers.md
   /opt/homebrew/lib/node_modules/@earendil-works/pi-coding-agent/docs/models.md

 Warning: tmux extended-keys is off. Modified Enter keys may not work. Add `set -g extended-keys on` to ~/.tmux.conf and restart tmux.

 Error: No API key found for the selected model.

 Use /login to log into a provider via OAuth or API key. See:
   /opt/homebrew/lib/node_modules/@earendil-works/pi-coding-agent/docs/providers.md
   /opt/homebrew/lib/node_modules/@earendil-works/pi-coding-agent/docs/models.md

────────────────────────────────────────────────────────────────────────────────────────────────────────────────────────────────────────────────────────────────

────────────────────────────────────────────────────────────────────────────────────────────────────────────────────────────────────────────────────────────────
/Users/jerichowenzelserrano/.no-mistakes/worktrees/d335fa506761/01M48W96DH5H76SFC0BJ12PQDD (detached)
0.0%/0 (auto)                                                                                                                                            unknown
END_PI_AFTER_SEND
PASS: real fm-send persisted and rang the live Pi worker without a pending-composer skip.
