PI_WITH_UNSUBMITTED_DRAFT

 ▀▀█  v0.99.1
 █▀ █ escape interrupt · ctrl+c/ctrl+d clear/exit · / commands · ! bash · ctrl+o more
 Press ctrl+o to show full startup help and loaded resources.

 Pi can explain its own features and look up its docs. Ask it how to use or extend Pi.


 Warning: fd not found. Offline mode enabled, skipping download.

 Warning: No models available. Use /login to log into a provider via OAuth or API key. See:
   /opt/homebrew/lib/node_modules/@earendil-works/pi-coding-agent/docs/providers.md
   /opt/homebrew/lib/node_modules/@earendil-works/pi-coding-agent/docs/models.md

 Warning: tmux extended-keys is off. Modified Enter keys may not work. Add `set -g extended-keys on` to ~/.tmux.conf and restart tmux.

────────────────────────────────────────────────────────────────────────────────────────────────────────────────────────────────────────────────────────────────
captain draft
────────────────────────────────────────────────────────────────────────────────────────────────────────────────────────────────────────────────────────────────
/Users/jerichowenzelserrano/.no-mistakes/worktrees/d335fa506761/01M48W96DH5H76SFC0BJ12PQDD (detached)
0.0%/0 (auto)                                                                                                                                            unknown
END_PI_WITH_UNSUBMITTED_DRAFT
SEND_EXIT=0
FM_SEND_OUTPUT
bash-5.3$ ./bin/fm-send.sh 'live-pi-pending' Doorbell; echo $? > "$LAB/send-result"
fm-gate-refuse: gate agent lifecycle permitted only against lab home /var/folders/0c/h8vrkyxd6mx9tqfxcxnr_k040000gn/T/fm-lab.S5anbQ
fm-send: doorbell skipped (composer visibly holds pending text); the steer is durably recorded at /var/folders/0c/h8vrkyxd6mx9tqfxcxnr_k040000gn/T/fm-lab.S5anbQ
/state/live-pi-pending.inbox/001.msg and the watcher will re-ring
bash-5.3$
END_FM_SEND_OUTPUT
WAKE_AFTER_SECONDS=47
WAKE_QUEUE
1791311151	1	stale	primary:pi	stale: primary:pi
END_WAKE_QUEUE
WATCHER_LOG
stale: primary:pi
END_WATCHER_LOG
PI_AFTER_ESCALATION

 ▀▀█  v0.99.1
 █▀ █ escape interrupt · ctrl+c/ctrl+d clear/exit · / commands · ! bash · ctrl+o more
 Press ctrl+o to show full startup help and loaded resources.

 Pi can explain its own features and look up its docs. Ask it how to use or extend Pi.


 Warning: fd not found. Offline mode enabled, skipping download.

 Warning: No models available. Use /login to log into a provider via OAuth or API key. See:
   /opt/homebrew/lib/node_modules/@earendil-works/pi-coding-agent/docs/providers.md
   /opt/homebrew/lib/node_modules/@earendil-works/pi-coding-agent/docs/models.md

 Warning: tmux extended-keys is off. Modified Enter keys may not work. Add `set -g extended-keys on` to ~/.tmux.conf and restart tmux.

────────────────────────────────────────────────────────────────────────────────────────────────────────────────────────────────────────────────────────────────
captain draft
────────────────────────────────────────────────────────────────────────────────────────────────────────────────────────────────────────────────────────────────
/Users/jerichowenzelserrano/.no-mistakes/worktrees/d335fa506761/01M48W96DH5H76SFC0BJ12PQDD (detached)
0.0%/0 (auto)                                                                                                                                            unknown
END_PI_AFTER_ESCALATION
FAIL: watcher did not surface the withheld doorbell
